// Jest Snapshot v1, https://goo.gl/fbAQLP

exports[`renders (matches snapshot)  1`] = `
<DocumentFragment>
  <p
    class="link"
  >
    309 W Loveland Ave, Loveland, OH 45140
  </p>
</DocumentFragment>
`;
