// Jest Snapshot v1, https://goo.gl/fbAQLP

exports[`renders (matches snapshot)  1`] = `
<DocumentFragment>
  <div
    class="col-sm-6 p-3"
  >
    <div>
      <div
        class="container"
      >
        <h4>
          <b>
            Rooster Ridge in the Park
          </b>
        </h4>
        <div>
          <h5>
            Thu Jun 18 2020
          </h5>
          <h5>
            7:00pm
          </h5>
        </div>
        <p
          class="link"
        >
          6915 Beechmont Ave. and 6910 Salem Road.
        </p>
        <figure>
          <figcaption>
            Join Rooster Ridge at Beech Acres Park for great music and fun!
          </figcaption>
          <img
            alt="Rooster Ridge in the Park"
            caption=""
            src="images/cappys/cappys1.jpg"
            style="width: 100%;"
          />
        </figure>
      </div>
    </div>
  </div>
</DocumentFragment>
`;
